[    0.000000] Initializing cgroup subsys cpuset
[    0.000000] Initializing cgroup subsys cpu
[    0.000000] Initializing cgroup subsys cpuacct
[    0.000000] Linux version 4.4.0-66-generic (buildd@lgw01-28) (gcc version 5.4.0 20160609 (Ubuntu 5.4.0-6ubuntu1~16.04.4) ) #87-Ubuntu SMP Fri Mar 3 15:29:05 UTC 2017 (Ubuntu 4.4.0-66.87-generic 4.4.44)
[    0.000000] Command line: BOOT_IMAGE=/boot/vmlinuz-4.4.0-66-generic root=LABEL=cloudimg-rootfs ro console=tty1 console=ttyS0
[    0.000000] KERNEL supported cpus:
[    0.000000]   Intel GenuineIntel
[    0.000000]   AMD AuthenticAMD
[    0.000000]   Centaur CentaurHauls
[    0.000000] x86/fpu: xstate_offset[2]:  576, xstate_sizes[2]:  256
[    0.000000] x86/fpu: Supporting XSAVE feature 0x01: 'x87 floating point registers'
[    0.000000] x86/fpu: Supporting XSAVE feature 0x02: 'SSE registers'
[    0.000000] x86/fpu: Supporting XSAVE feature 0x04: 'AVX registers'
[    0.000000] x86/fpu: Enabled xstate features 0x7, context size is 832 bytes, using 'standard' format.
[    0.000000] x86/fpu: Using 'lazy' FPU context switches.
[    0.000000] e820: BIOS-provided physical RAM map:
[    0.000000] BIOS-e820: [mem 0x0000000000000000-0x000000000009fbff] usable
[    0.000000] BIOS-e820: [mem 0x000000000009fc00-0x000000000009ffff] reserved
[    0.000000] BIOS-e820: [mem 0x00000000000f0000-0x00000000000fffff] reserved
[    0.000000] BIOS-e820: [mem 0x0000000000100000-0x000000003ffeffff] usable
[    0.000000] BIOS-e820: [mem 0x000000003fff0000-0x000000003fffffff] ACPI data
[    0.000000] BIOS-e820: [mem 0x00000000fffc0000-0x00000000ffffffff] reserved
[    0.000000] NX (Execute Disable) protection: active
[    0.00000] MBIOS 2.5 present.
[    0.000000] Hypervisor detected: KVM
[    0.000000] e820: last_pfn = 0x3fff0 max_arch_pfn = 0x400000000
[    0.000000] MTRR: Disabled
[    0.000000] x86/PAT: MTRRs disabled, skipping PAT initialization too.
[    0.000000] x86/PAT: Configuration [0-7]: WB  WT  UC- UC  WB  WT  UC- UC  
[    0.000000] CPU MTRRs all blank - virtualized system.
[    0.000000] found SMP MP-table at [mem 0x0009fff0-0x0009ffff] mapped at [ffff88000009fff0]
[    0.000000] Scanning 1 areas for low memory corruption
[    0.000000] RAMDISK: [mem 0x36ad8000-0x37563fff]
[    0.000000] ACPI: Early table checksum verification disabled
[    0.000000] ACPI: RSDP 0x00000000000E0000 000024 (v02 VBOX  )
[    0.000000] ACPI: XSDT 0x000000003FFF0030 00003C (v01 VBOX   VBOXXSDT 00000001 ASL  00000061)
[    0.000000] ACPI: FACP 0x000000003FFF00F0 0000F4 (v04 VBOX   VBOXFACP 00000001 ASL  00000061)
[    0.000000] ACPI: DSDT 0x000000003FFF0470 002118 (v01 VBOX   VBOXBIOS 00000002 INTL 20160108)
[    0.000000] ACPI: FACS 0x000000003FFF0200 000040
[    0.000000] ACPI: FACS 0x000000003FFF0200 000040
[    0.000000] ACPI: APIC 0x000000003FFF0240 00005C (v02 VBOX   VBOXAPIC 00000001 ASL  00000061)
[    0.000000] ACPI: SSDT 0x000000003FFF02A0 0001CC (v01 VBOX   VBOXCPUT 00000002 INTL 20160108)
[    0.000000] No NUMA configuration found
[    0.000000] Faking a node at [mem 0x0000000000000000-0x000000003ffeffff]
[    0.000000] NODE_DATA(0) allocated [mem 0x3ffeb000-0x3ffeffff]
[    0.000000] kvm-clock: Using msrs 4564d01 and 4b564d00
[    0.000000] kvm-clock: cpu 0, msr 0:3ffe3001, primary cpu clock
[    0.000000] kvm-clock: using sched offset of 3837215154 cycles
[    0.000000] clocksource: kvm-clock: mask: 0xffffffffffffffff max_cycles: 0x1cd42e4dffb, max_idle_ns: 881590591483 ns
[    0.000000] Zone ranges:
[    0.000000]   DMA      [mem 0x0000000000001000-0x0000000000ffffff]
[    0.000000]   DMA32    [mem 0x0000000001000000-0x000000003ffeffff]
[    0.000000]   Normal   empty
[    0.000000]   Device   empty
[    0.000000] Movable zone start for each node
[    0.000000] Early memory node ranges
[    0.000000]   node   0: [mem 0x0000000000001000-0x000000000009efff]
[    0.000000]   node   0: [mem 0x0000000000100000-0x000000003ffeffff]
[    0.000000] Initmem setup node 0 [mem 0x0000000000001000-0x000000003ffeffff]
[    0.000000] ACPI:M-Timer IO Port: 0x4008
[    0.000000] IOAPIC[0]: apic_id 2, version 17, address 0xfec00000, GSI 0-23
[    0.000000] ACPI: INT_SRC_OVR (bus 0 bus_irq 0 global_irq 2 dfl dfl)
[    0.000000] ACPI: INT_SRC_OVR (bus 0 bus_irq 9 global_irq 9 high level)
[    0.000000] Using ACPI (MADT) for SMP configuration information
[    0.000000] smpboot: Allowing 2 CPUs, 0 hotplug CPUs
[    0.000000] PM: Registered nosave memory: [mem 0x00000000-0x00000fff]
[    0.000000] PM: Registered nosave memory: [mem 0x0009f000-0x0009ffff]
[    0.000000] PM: Registered nosave memory: [mem 0x000a0000-0x000effff]
[    0.000000] PM: Registered nosave memory: [mem 0x000f0000-0x000fffff]
[    0.000000] e820: [mem 0x40000000-0xfffbffff] available for PCI devices
[    0.000000] Booting paravirtualized kernel on KVM
[    0.000000] clocksource: refined-jiffies: mask: 0xffffffff max_cycles: 0xffffffff, max_idle_ns: 7645519600211568 ns
[    0.000000] setup_percpu: NR_CPUS:512 nr_cpumask_bits:512 nr_cpu_ids:2 nr_node_ids:1
[    0.000000] PERCPU: Embedded 33 pages/cpu @ffff88003fc00000 s98264 r8192 d28712 u1048576
[    0.000000] PV qspinlock hash table entries: 256 (order: 0, 4096 bytes)
[    0.000000] Built 1 zonelists in Node order, mobility grouping on.  Total pages: 257913
[    0.000000] Policy zone: DMA32
[    0.000000] Kernel command line: BOOT_IMAGE=/boot/vmlinuz-4.4.0-66-generic root=LABEL=cloudimg-rootfs ro console=tty1 console=ttyS0
[    0.000000] PID hash table entries: 4096 (order: 3, 32768 bytes)
[    0.000000] Memory: 1001776K/1048120K available (8452K kernel code, 1293K rwdata, 3980K rodata, 1488K init, 1316K bss, 46344K reserved, 0K cma-reserved)
[    0.000000] SLUB: HWalign=64, Order=0-3, MinObjects=0, CPUs=2, Nodes=1
[    0.000000] Hierarchical RCU implementation.
[    0.000000] 	Build-time adjustment of leaf fanout to 64.
[    0.000000] 	RCU restricting CPUs from NR_CPUS=512 to nr_cpu_ids=2.
[    0.000000] RCU: Adjusting geometry for rcu_fanout_leaf=64, nr_cpu_ids=2
[    0.000000] NR_IRQS:33024 nr_irqs:440 16
[    0.000000] Console: colour VGA+ 80x25
[    0.000000] console [tty1] enabled
[    0.000000] console [ttyS0] enabled
[    0.000000] tsc: Detected 2095.240 MHz processor
[    0.952809] Calibrating delay loop (skipped) preset value.. 4190.48 BogoMIPS (lpj=8380960)
[    0.955682] pid_max: default:32768 minimum: 301
[    0.977313] ACPI: Core revision 20150930
[    0.980134] ACPI: 2 ACPI AML tables successfully acquired and loaded
[    0.982304] Security Framework initialized
[    0.983761] Yama: becoming mindful.
[    0.985027] AppArmor: AppArmor initialized
[    0.986541] Dentry cache hash table entries: 131072 (order: 8, 1048576 bytes)
[    1.004767] Inode-cache hash table entries: 65536 (order: 7, 524288 bytes)
[    1.008786] Mount-cache hash table entries: 2048 (order: 2, 16384 bytes)
[    1.012894] Mountpoint-cache hash table entries: 2048 (order: 2, 16384 bytes)
[    1.014734] Initializing cgroup subsys io
[    1.036048] Initializing cgroup subsys memory
[    1.052543] Initializing cgroup subsys devices
[    1.053741] Initializing cgroup subsys freezer
[    1.056576] Initializing cgroup subsys net_cls
[    1.057751] Initializing cgroup subsys perf_event
[    1.058949] Initializing cgroup subsys net_prio
[    1.060175] Initializing cgroup subsys hugetlb
[    1.061333] Initializing cgroup subsys pids
[    1.088577] CPU: Physical Processor ID: 0
[    1.100233] CPU: Processor Core ID: 0
[    1.101274] mce: CPU supports 0 MCE banks
[    1.102387] Last level iTLB entries: 4KB 512, 2MB 8, 4MB 8
[    1.103740] Last level dTLB entries: 4KB 512, 2MB 32, 4MB 32, 1GB 0
[    1.127993] Freeing SMP alternatives memory: 32K (ffffffff820b9000 - ffffffff820c1000)
[    1.142715] ftrace: allocating 32123 entries in 126 pages
[    1.223078] smpboot: APIC(0) Converting physical 0 to logical package 0
[    1.267486] smpboot: Max logical packages: 1
[    1.270777] ..TIMER: vector=0x30 apic1=0 pin1=2 apic2=-1 pin2=-1
[    1.439618] smpboot: CPU0: Intel(R) Core(TM) i3-2310M CPU @ 2.10GHz (family: 0x6, model: 0x2a, stepping: 0x7)
[    1.453146] Performance Events: unsupported p6 CPU model 42 no PMU driver, software events only.
[    1.477142] KVM setup paravirtual spinlock
[    1.479252] x86: Booting SMP configuration:
[    1.489259] .... node  #0, CPUs:      #1
[    1.501296] kvm-clock: cpu 1, msr 0:3ffe3041, secondary cpu clock
[    1.514781] mce: CPU supports 0 MCE banks
[    1.519389] x86: Booted up 1 node, 2 CPUs
[    1.525254] smpboot: Total of 2 processors activated (8380.96 BogoMIPS)
[    1.532490] devtmpfs: initialized
[    1.540559] evm: security.selinux
[    1.547815] evm: security.SMACK64
[    1.551822] evm: security.SMACK64EXEC
[    1.559342] evm: security.SMACK64TRANSMUTE
[    1.561936] evm: security.SMACK64MMAP
[    1.562981] evm: security.ima
[    1.589170] evm: security.capability
[    1.593104] clocksource: jiffies: mask: 0xffffffff max_cycles: 0xffffffff, max_idle_ns: 7645041785100000 ns
[    1.610276] pinctrl core: initialized pinctrl subsystem
[    1.628573] RTC time: 23:46:59, date: 03/20/17
[    1.631340] NET: Registered protocol family 16
[    1.648016] cpuidle: using governor ladder
[    1.664202] cpuidle: using governor menu
[    1.670715] PCCT header not found.
[    1.673105] ACPI: bus type PCI registered
[    1.679671] acpiphp: ACPI Hot Plug PCI Controller Driver version: 0.5
[    1.681571] PCI: Using configuration type 1 for base access
[    1.697570] ACPI: Added _OSI(Module Device)
[    1.700161] ACPI: Added _OSI(Processor Device)
[    1.701293] ACPI: Added _OSI(3.0 _SCP Extensions)
[    1.702486] ACPI: Added _OSI(Processor Aggregator Device)
[    1.713081] ACPI: Executed 1 blocks of module-level executable AML code
[    1.717332] ACPI: Interpreter enabled
[    1.724330] ACPI: (supports S0 S5)
[    1.728282] ACPI: Using IOAPIC for interrupt routing
[    1.730139] PCI: Using host bridge windows from ACPI; if necessary, use "pci=nocrs" and report a bug
[    1.739644] ACPI: PCI Root Bridge [PCI0] (domain 0000 [bus 00-ff])
[    1.751698] acpi PNP0A03:00: _OSC: OS supports [ASPM ClockPM Segments MSI]
[    1.782290] acpi PNP0A03:00: _OSC failed (AE_NOT_FOUND); disabling ASPM
[    1.783856] acpi PNP0A03:00: fail to add MMCONFIG information, can't access extended PCI configuration space under this bridge.
[    1.787194] PCI host bridge to bus 0000:00
[    1.795944] pci_bus 0000:00: root bus resource [io  0x0000-0x0cf7 window]
[    1.797475] pci_bus 0000:00: root bus resource [io  0x0d00-0xffff window]
[    1.799007] pci_bus 0000:00: root bus resource [mem 0x000a0000-0x000bffff window]
[    1.801195] pci_bus 0000:00: root bus resource [mem 0x40000000-0xffdfffff window]
[    1.816344] pci_bus 0000:00: root bus resource [bus 00-ff]
[    1.834568] pci 0000:00:01.1: legacy IDE quirk: reg 0x10: [io  0x01f0-0x01f7]
[    1.836223] pci 0000:00:01.1: legacy IDE quirk: reg 0x14: [io  0x03f6]
[    1.837870] pci 0000:00:01.1: legacy IDE quirk: reg 0x18: [io  0x0170-0x0177]
[    1.858126] pci 0000:00:01.1: legacy IDE quirk: reg 0x1c: [io  0x0376]
[    1.913531] ACPI: PCI Interrupt Link [LNKA] (IRQs 5 9 10 11) *0, disabled.
[    1.937764] ACPI: PCI Interrupt Link [LNKB] (IRQs 5 9 10 *11)
[    1.972224] ACPI: PCI Interrupt Link [LNKC] (IRQs 5 9 *10 11)
[    1.977445] ACPI: PCI Interrupt Link [LNKD] (IRQs 5 *9 10 11)
[    2.002883] ACPI: Enabled 2 GPEs in block 00 to 07
[    2.014948] vgaarb: setting as boot device: PCI:0000:00:02.0
[    2.017804] vgaarb: device added: PCI:0000:00:02.0,decodes=io+mem,owns=io+mem,locks=none
[    2.020543] vgaarb: loaded
[    2.036789] vgaarb: bridge control possible 0000:00:02.0
[    2.048680] SCSI subsystem initialized
[    2.063700] ACPI: bus type USB registered
[    2.066720] usbcore: registered new interface driver usbfs
[    2.070059] usbcore: registered new interface driver hub
[    2.074627] usbcore: registered new device driver usb
[    2.104070] PCI: Using ACPI for IRQ routing
[    2.108797] NetLabel: Initializing
[    2.121703] NetLabel:  domain hash size = 128
[    2.148692] NetLabel:  protocols = UNLABELED CIPSOv4
[    2.155758] NetLabel:  unlabeled traffic allowed by default
[    2.157833] amd_nb: Cannot enumerate AMD northbridges
[    2.168509] clocksource: Switched to clocksource kvm-clock
[    2.190766] AppArmor: AppArmor Filesystem Enabled
[    2.197908 pp:PnP ACPI init
[   2.295448] pnp: PnP ACPI: found 3deices

[   2.415485] clocksource: acpi_pm: mask: 0xffffff max_cycles: 0xffffff, max_idle_ns: 2085701024 ns
[   2.450667] NET: Registered protocol family 2

[    2.522535] TCP established hash table entries: 8192 (order: 4, 65536 bytes)
[    2.532186] TCP bind hash table entries: 8192 (order: 5, 131072 bytes)
[  25484] CPHah bl cnfgud (established 8192 bind 8192)
[    3.083744] UDP hash table entries: 512 (order: 2, 16384 bytes)
[    3.085130] UDP-Lite hash table entries: 512 (order: 2, 16384 bytes)
[   3.086709] NET: Registered protocol family 1
[    3.125262] pci 0000:00:00.0: Limiting direct PCI/PCI transfers
[   .12895] pci 0000:00:01.0: Activating ISA DMA hang workarounds
[   .296] ryngo npckrotfs image as initramfs...

[    6.642672] Freeing initrd memory: 10800K (ffff880036ad8000 - ffff880037564000)
[    6.650911] RAPL PMU detected, API unit is 2^-32 Joules, 3 fixed counters 10737418240 ms ovfl timer
[    6.662970] hw unit of domain pp0-core 2^-0 Joules
[    6.666437] hw unit of domain package 2^-0 Joules
[    6.676632] hw unit of domain pp1-gpu 2^-0 Joules
[    6.682095] platform rtc_cmos: registered platform RTC device (no PNP device found)
[    6.718588] Scanning for low memory corruption every 60 seconds
[    6.739221] futex hash table entries: 512 (order: 3, 32768 bytes)
[    6.746757] audit: initializing netlink subsys (disabled)
[    6.750434] audit: type=2000 audit(1490053628.600:1): initialized
[    6.787009] Initialise system trusted keyring
[    6.790015] HugeTLB registered 2 MB page size, pre-allocated 0 pages
[    6.799302] zbud: loaded
[    6.803077] VFS: Disk quotas dquot_6.6.0
[    6.811812] VFS: Dquot-cache hash table entries: 512 (order 0, 4096 bytes)
[    6.815443] squashfs: version 4.0 (2009/01/31) Phillip Lougher
[    6.823288] fuse init (API version 7.23)
[    6.825026] Key type big_key registered
[    6.826379] Allocating IMA MOK and blacklist keyrings.
[    6.831377] Key type asymmetric registered
[    6.832840] Asymmetric key parser 'x509' registered
[    6.834486] Block layer SCSI generic (bsg) driver version 0.4 loaded (major 249)
[    6.837202] io scheduler noop registered
[    6.838561] io scheduler deadline registered (default)
[    6.840259] io scheduler cfq registered
[    6.847101] pci_hotplug: PCI Hot Plug PCI Core version: 0.5
[    6.850210] pciehp: PCI Express Hot Plug Controller Driver version: 0.4
[    6.852449] ACPI: AC Adapter [AC] (on-line)
[    6.858022] input: Power Button as /devices/LNXSYSTM:00/LNXPWRBN:00/input/input0
[    6.860603] ACPI: Power Button [PWRF]
[    6.861996] input: Sleep Button as /devices/LNXSYSTM:00/LNXSLPBN:00/input/input1
[    6.883056] ACPI: Sleep Button [SLPF]
[    6.885219] GHES: HEST is not enabled!
[    6.886480] ACPI: Battery Slot [BAT0] (battery present)
[    6.894417] Serial: 8250/16550 driver, 32 ports, IRQ sharing enabled
[    6.928377] 00:02: ttyS0 at I/O 0x3f8 (irq = 4, base_baud = 115200) is a 16550A
[    6.945551] Linux agpgart interface v0.103
[    6.974459] brd: module loaded
[    6.986194] loop: module loaded
[    7.003743] scsi host0: ata_piix
[    7.013880] scsi host1: ata_piix
[    7.023945] ata1: PATA max UDMA/33 cmd 0x1f0 ctl 0x3f6 bmdma 0xd000 irq 14
[    7.031380] ata2: PATA max UDMA/33 cmd 0x170 ctl 0x376 bmdma 0xd008 irq 15
[    7.039094] libphy: Fixed MDIO Bus: probed
[    7.047045] tun: Universal TUN/TAP device driver, 1.6
[   .063785] tun: (C) 1999-2004 Max Krasnyansky <maxk@qualcomm.com>
[    7.174678] PPP generic driver version 2.4.2
[    7.181747] ehci_hcd: USB 2.0 'Enhanced' Host Controller (EHCI) Driver
[    7.189234] ehci-pci: EHCI PCI platform driver
[    7.198845] ehci-platform: EHCI generic platform driver
[    7.203805] ohci_hcd: USB 1.1 'Open' Host Controller (OHCI) Driver
[    7.213109] ohci-pci: OHCI PCI platform driver
[    7.214618] ohci-platform: OHCI generic platform driver
[  7.21657] uhci_hcd: USB Universal Host Controller Interface driver
[  7.312285] i8042: PNP: PS/2 Controller [PNP0303:PS2K,PNP0f03:PS2M] at 0x60,0x64 irq 1,12
[   7.377573] serio: i804KB prt at 0x60,0x64 irq 1
[    7.532403] serio: i8042 AUX port at 0x60,0x64 irq 12

[    7.534627] mousedev: PS/2 mouse device common for all mice
[    7.537230] input: AT Translated Set 2 keyboard as /devices/platform/i8042/serio0/input/input2
[    7.545189] rtc_cmos rtc_cmos: rtc core: registered rtc_cmos as rtc0
[    7.545322] rtc_cmos rtc_cmos: alarms up to one day, 114 bytes nvram
[    7.545340] i2c /dev entries driver
[    7.545456] device-mapper: uevent: version 1.0.3
[    7.545576] device-mapper: ioctl: 4.34.0-ioctl (2015-10-28) initialised: dm-devel@redhat.com
[    7.545614] ledtrig-cpu: registered to indicate activity on CPUs
[    7.557307] NET: Registered protocol family 10
[    7.557620] NET: Registered protocol family 17
[    7.557638] Key type dns_resolver registered
[    7.560196] microcode: CPU0 sig=0x206a7, pf=0x10, revision=0x0
[    7.560216] microcode: CPU1 sig=0x206a7, pf=0x10, revision=0x0
[    7.560296] microcode: Microcode Update Driver: v2.01 <tigran@aivazian.fsnet.co.uk>, Peter Oruba
[    7.560670] registered taskstats version 1
[    7.560696] Loading compiled-in X.509 certificates
[    7.562186] Loaded X.509 cert 'Build time autogenerated kernel key: 32ca4feee90b5cde51f5f8c0e024b22f8c679982'
[    7.562226] zswap: loaded using pool lzo/zbud
[    7.565478] Key type trusted registered
[    7.571712] Key type encrypted registered
[    7.571724] AppArmor: AppArmor sha1 policy hashing enabled
[    7.571729] ima: No TPM chip found, activating TPM-bypass!
[    7.571769] evm: HMAC attrs: 0x1
[    7.572309]   Magic number: 9:162:808
[    7.573599] rtc_cmos rtc_cmos: setting system clock to 2017-03-20 23:47:05 UTC (1490053625)
[    7.573915] BIOS EDD facility v0.16 2004-Jun-25, 0 devices found
[    7.573915] EDD information not available.
[    7.767962] Freeing unused kernel memory: 1488K (ffffffff81f45000 - ffffffff820b9000)
[    7.783191] Write protecting the kernel read-only data: 14336k
[    7.913943] tsc: Refined TSC clocksource calibration: 2094.408 MHz
[    7.921761] clocksource: tsc: mask: 0xffffffffffffffff max_cycles: 0x1e308e23a1a, max_idle_ns: 440795303502 ns
[    7.922187] Freeing unused kernel memory: 1776K (ffff880001844000 - ffff880001a00000)
[    7.935058] Freeing unused kernel memory: 116K (ffff880001de3000 - ffff880001e00000)
Loading, please wait...
[    8.118447] random: systemd-udevd: uninitialized urandom read (16 bytes read, 2 bits of entropy available)
starting version 229
[    8.119463] random: udevadm: uninitialized urandom read (16 bytes read, 2 bits of entropy available)
[    8.119527] random: udevadm: uninitialized urandom read (16 bytes read, 2 bits of entropy available)
[    8.119743] random: udevadm: uninitialized urandom read (16 bytes read, 2 bits of entropy available)
[    8.119814] random: udevadm: uninitialized urandom read (16 bytes read, 2 bits of entropy available)
[    8.119886] random: udevadm: uninitialized urandom read (16 bytes read, 2 bits of entropy available)
[    8.119954] random: udevadm: uninitialized urandom read (16 bytes read, 2 bits of entropy available)
[    8.120022] random: udevadm: uninitialized urandom read (16 bytes read, 2 bits of entropy available)
[    8.120091] random: udevadm: uninitialized urandom read (16 bytes read, 2 bits of entropy available)
[    8.120156] random: udevadm: uninitialized urandom read (16 bytes read, 2 bits of entropy available)
[    8.256763] Fusion MPT base driver 3.04.20
[    8.260286] Copyright (c) 1999-2008 LSI Corporation
[    8.291165] e1000: Intel(R) PRO/1000 Network Driver - version 7.3.21-k8-NAPI
[    8.301053] e1000: Copyright (c) 1999-2006 Intel Corporation.
[    8.326166] Fusion MPT SPI Host driver 3.04.20
[    8.543055] input: ImExPS/2 Generic Explorer Mouse as /devices/platform/i8042/serio1/input/input4
[    8.795004] e1000 0000:00:03.0 eth0: (PCI:33MHz:32-bit) 02:0a:90:ed:0d:4f
[    8.800271] e1000 0000:00:03.0 eth0: Intel(R) PRO/1000 Network Connection
[    8.803459] mptbase: ioc0: Initiating bringup
[    8.804177] e1000 0000:00:03.0 enp0s3: renamed from eth0
[    8.977064] ioc0: LSI53C1030 A0: Capabilities={Initiator}
[    9.841850] scsi host2: ioc0: LSI53C1030 A0, FwRev=00000000h, Ports=1, MaxQ=256, IRQ=20
[   10.578455] scsi 2:0:0:0: Direct-Access     VBOX     HARDDISK         1.0  PQ: 0 ANSI: 5
[   10.594117] scsi target2:0:0: Beginning Domain Validation
[   10.606584] scsi target2:0:0: Domain Validation skipping write tests
[   10.612621] scsi target2:0:0: Ending Domain Validation
[   10.614544] scsi target2:0:0: asynchronous
[   10.621197] scsi 2:0:1:0: Direct-Access     VBOX     HARDDISK         1.0  PQ: 0 ANSI: 5
[   10.654891] scsi target2:0:1: Beginning Domain Validation
[   10.711408] scsi target2:0:1: Domain Validation skipping write tests
[   10.733605] scsi target2:0:1: Ending Domain Validation
[   10.752942] scsi target2:0:1: asynchronous
[   10.790750] sd 2:0:0:0: [sda] 20971520 512-byte logical blocks: (10.7 GB/10.0 GiB)
[   10.790786] sd 2:0:0:0: Attached scsi generic sg0 type 0
[   10.797713] sd 2:0:1:0: Attached scsi generic sg1 type 0
[   10.800962] sd 2:0:1:0: [sdb] 20480 512-byte logical blocks: (10.5 MB/10.0 MiB)
[   10.801103] sd 2:0:0:0: [sda] Write Protect is off
[   10.801277] sd 2:0:0:0: [sda] Incomplete mode parameter data
[   10.801279] sd 2:0:0:0: [sda] Assuming drive cache: write through
[   10.837824]  sda: sda1
[   10.839160] sd 2:0:0:0: [sda] Attached SCSI disk
[   11.086164] sd 2:0:1:0: [sdb] Write Protect is off
[   11.100979] sd 2:0:1:0: [sdb] Incomplete mode parameter data
[   11.102317] sd 2:0:1:0: [sdb] Assuming drive cache: write through
[   11.162172] sd 2:0:1:0: [sdb] Attached SCSI disk
[   11.505960] floppy0: no floppy controllers found
[   11.507610] work still pending
Begin: Loading essential drivers ... [   13.259407] md: linear personality registered for level -1
[   13.269975] md: multipath personality registered for level -4
[   13.282917] md: raid0 personality registered for level 0
[   13.321322] md: raid1 personality registered for level 1
[   13.428603] raid6: sse2x1   gen()  3755 MB/s
[   13.508656] raid6: sse2x1   xor()  3628 MB/s
[   13.584619] raid6: sse2x2   gen()  4966 MB/s
[   13.656623] raid6: sse2x2   xor()  4013 MB/s
[   13.728629] raid6: sse2x4   gen()  5887 MB/s
[   13.800614] raid6: sse2x4   xor()  3797 MB/s
[   13.803897] raid6: using algorithm sse2x4 gen() 5887 MB/s
[   13.805696] raid6: .... xor() 3797 MB/s, rmw enabled
[   13.807313] raid6: using ssse3x2 recovery algorithm
[   13.813454] xor: automatically using best checksumming function:
[   13.884758]    avx       : 18447.000 MB/sec
[   13.915579] async_tx: api initialized (async)
[   13.936687] md: raid6 personality registered for level 6
[   13.944859] md: raid5 personality registered for level 5
[   13.950268] md: raid4 personality registered for level 4
[   13.962767] md: raid10 personality registered for level 10
done.
Begin: Running /scripts/init-premount ... done.
Begin: Mounting root file system ... Begin: Running /scripts/local-top ... done.
Begin: Running /scripts/local-premount ... [   14.020269] Btrfs loaded
Scanning for Btrfs filesystems
done.
Warning: fsck not present, so skipping root file system
[   14.248936] EXT4-fs (sda1): mounted filesystem with ordered data mode. Opts: (null)
done.
Begin: Running /scripts/local-bottom ... done.
Begin: Running /scripts/init-bottom ... done.
[   14.942111] random: nonblocking pool is initialized
[   15.237451] systemd[1]: systemd 229 running in system mode. (+PAM +AUDIT +SELINUX +IMA +APPARMOR +SMACK +SYSVINIT +UTMP +LIBCRYPTSETUP +GCRYPT +GNUTLS +ACL +XZ -LZ4 +SECCOMP +BLKID +ELFUTILS +KMOD -IDN)
[   15.253735] systemd[1]: Detected virtualization oracle.
[   15.265826] systemd[1]: Detected architecture x86-64.

Welcome to [1mUbuntu 16.04.2 LTS[0m!

[   15.375314] systemd[1]: Set hostname to <ubuntu>.
[   15.454615] systemd[1]: Initializing machine ID from random generator.
[   15.494451] systemd[1]: Installed transient /etc/machine-id file.
[   17.485481] systemd[1]: Created slice User and Session Slice.
[[0;32m  OK  [0m] Created slice User and Session Slice.
[   17.563524] systemd[1]: Reached target User and Group Name Lookups.
[[0;32m  OK  [0m] Reached target User and Group Name Lookups.
[   17.568085] systemd[1]: Listening on Journal Socket.
[[0;32m  OK  [0m] Listening on Journal Socket.
[   17.570904] systemd[1]: Started Forward Password Requests to Wall Directory Watch.
[[0;32m  OK  [0m] Started Forward Password Requests to Wall Directory Watch.
[   17.576578] systemd[1]: Listening on LVM2 metadata daemon socket.
[[0;32m  OK  [0m] Listening on LVM2 metadata daemon socket.
[   17.602106] systemd[1]: Listening on Journal Audit Socket.
[[0;32m  OK  [0m] Listening on Journal Audit Socket.
[   17.616871] systemd[1]: Listening on LVM2 poll daemon socket.
[[0;32m  OK  [0m] Listening on LVM2 poll daemon socket.
[   17.620330] systemd[1]: Listening on Syslog Socket.
[[0;32m  OK  [0m] Listening on Syslog Socket.
[   17.629787] systemd[1]: Reached target Swap.
[[0;32m  OK  [0m] Reached target Swap.
[   17.638176] systemd[1]: Set up automount Arbitrary Executable File Formats File System Automount Point.
[[0;32m  OK  [0m] Set up automount Arbitrary Executab...ats File System Automount Point.
[   17.666988] systemd[1]: Listening on udev Kernel Socket.
[[0;32m  OK  [0m] Listening on udev Kernel Socket.
[   17.682779] systemd[1]: Created slice System Slice.
[[0;32m  OK  [0m] Created slice System Slice.
[   17.705350] systemd[1]: Mounting Debug File System...
         Mounting Debug File System...
[   17.717962] systemd[1]: Mounting POSIX Message Queue File System...
         Mounting POSIX Message Queue File System...
[   17.745317] systemd[1]: Created slice system-serial\x2dgetty.slice.
[[0;32m  OK  [0m] Created slice system-serial\x2dgetty.slice.
[   17.792891] systemd[1]: Reached target Slices.
[[0;32m  OK  [0m] Reached target Slices.
[   17.857056] systemd[1]: Starting Load Kernel Modules...
         Starting Load Kernel Modules...
[   17.894226] systemd[1]: Starting Create list of required static device nodes for the current kernel...
         Starting Create list of required st... nodes for the current kernel...
[   17.932834] systemd[1]: Mounting Huge Pages File System...
         Mounting Huge Pages File System...
[   18.003171] systemd[1]: Listening on udev Control Socket.
[   18.003244] Loading iSCSI transport class v2.0-870.
[[0;32m  OK  [0m] Listening on udev Control Socket.
[   18.032985] systemd[1]: Listening on Journal Socket (/dev/log).
[[0;32m  OK  [0m] Listening on Journal Socket (/dev/log).
[   18.076953] systemd[1]: Starting Journal Service...
         Starting Journal Service...
[   18.091312] systemd[1]: Listening on /dev/initctl Compatibility Named Pipe.
[[   18.107330] iscsi: registered transport (tcp)
[0;32m  OK  [0m] Listening on /dev/initctl Compatibility Named Pipe.
[   18.121521] systemd[1]: Starting Set console keymap...
         Starting Set console keymap...
[   18.152866] systemd[1]: Starting Nameserver information manager...
         Starting Nameserver information manager...
[   18.182555] systemd[1]: Starting Remount Root and Kernel File Systems...
[   18.233038] EXT4-fs (sda1): re-mounted. Opts: (null)
         Starting Remount Root and Kernel File Systems...
[   18.289125] systemd[1]: Starting Uncomplicated firewall...
         Starting Uncomplicated firewall...
[   18.303110] systemd[1]: Reached target Encrypted Volumes.
[[0;32m  OK  [0m] Reached target Encrypted Volumes.
[   18.317312] systemd[1]: Listening on Device-mapper event daemon FIFOs.
[[0;32m  OK  [0m] Listening on Device-mapper event daemon FIFOs.
[   18.332896] systemd[1]: Starting Monitoring of LVM2 mirrors, snapshots etc. using dmeventd or progress polling...
         Starting Monitoring of LVM2 mirrors... dmeventd or progress polling...
[   18.510004] systemd[1]: Mounted POSIX Message Queue File System.
[[0;32m  OK  [0m] Mounted POSIX Message Queue File System.
[   18.527729] systemd[1]: Mounted Debug File System.
[[0;32m  OK  [0m] Mounted Debug File System.
[   18.589119] systemd[1]: Mounted Huge Pages File System.
[[0;32m  OK  [0m] Mounted Huge Pages File System.
[   18.599839] systemd[1]: Started Create list of required static device nodes for the current kernel.
[[0;32m  OK  [0m] Started Create list of required sta...ce nodes for the current kernel.
[   18.693889] systemd[1]: Started Remount Root and Kernel File Systems.
[[0;32m  OK  [0m] Started Remount Root and Kernel File Systems.
[   18.724434] systemd[1]: Started Set console keymap.
[[0;32m  OK  [0m] Started Set console keymap.
[   18.746257] systemd[1]: Started Uncomplicated firewall.
[[0;32m  OK  [0m] Started Uncomplicated firewall.
[   18.764943] systemd[1]: Started Nameserver information manager.
[[0;32m  OK  [0m] Started Nameserver information manager.
[   18.789089] systemd[1]: Started Journal Service.
[[0;32m  OK  [0m] Started Journal [   18.800099] iscsi: registered transport (iser)
Service.
[[0;32m  OK  [0m] Started Load Kernel Modules.
         Starting Apply Kernel Variables...
         Mounting FUSE Control File System...
         Starting Load/Save Random Seed...
         Starting Flush Journal to Persistent Storage...
         Starting udev Coldplug all Devices...
         Starting Initial cloud-init job (pre-networking)...
         Starting Create Static Device Nodes in /dev...
[[0;32m  OK  [0m] Mounted FUSE Control File System.
[   19.185550] systemd-journald[400]: Received request to flush runtime journal from PID 1
[[0;32m  OK  [0m] Started LVM2 metadata daemon.
[[0;32m  OK  [0m] Started Apply Kernel Variables.
[[0;32m  OK  [0m] Started Flush Journal to Persistent Storage.
[[0;32m  OK  [0m] Started udev Coldplug all Devices.
[[0;32m  OK  [0m] Started Load/Save Random Seed.
[[0;32m  OK  [0m] Started Monitoring of LVM2 mirrors,...ng dmeventd or progress polling.
[[0;32m  OK  [0m] Started Create Static Device Nodes in /dev.
         Starting udev Kernel Device Manager...
[[0;32m  OK  [0m] Started udev Kernel Device Manager.
[[0;32m  OK  [0m] Started Dispatch Password Requests to Console Directory Watch.
[[0;32m  OK  [0m] Reached target Local File Systems (Pre).
[[0;32m  OK  [0m] Reached target Local File Systems.
         Starting Create Volatile Files and Directories...
         Starting Set console font and keymap...
         Starting Tell Plymouth To Write Out Runtime Data...
         Starting Commit a transient machine-id on disk...
         Starting LSB: AppArmor initialization...
[[0;32m  OK  [0m] Started Create Volatile Files and Directories.
         Starting Update UTMP about System Boot/Shutdown...
[[0;32m  OK  [0m] Reached target System Time Synchronized.
[[0;32m  OK  [0m] Started Tell Plymouth To Write Out Runtime Data.
[[0;32m  OK  [0m] Found device /dev/ttyS0.
[[0;32m  OK  [0m] Started Commit a transient machine-id on disk.
[[0;32m  OK  [0m] Started Update UTMP about System Boot/Shutdown.
[[0;32m  OK  [0m] Listening on Load/Save RF Kill Switch Status /dev/rfkill Watch.
[[0;32m  OK  [0m] Started LSB: AppArmor initialization.
[[0;32m  OK  [0m] Started Set console font and keymap.
[[0;32m  OK  [0m] Created slice system-getty.slice.
[   27.445781] cloud-init[451]: Cloud-init v. 0.7.9 running 'init-local' at Mon, 20 Mar 2017 23:47:26 +0000. Up 26.56 seconds.
[[0;32m  OK  [0m] Started Initial cloud-init job (pre-networking).
[[0;32m  OK  [0m] Reached target Network (Pre).
         Starting Raise network interfaces...
[[0;32m  OK  [0m] Started Raise network interfaces.
[[0;32m  OK  [0m] Reached target Network.
         Starting Initial cloud-init job (metadata service crawler)...
[   31.113917] cloud-init[1030]: Cloud-init v. 0.7.9 running 'init' at Mon, 20 Mar 2017 23:47:28 +0000. Up 28.56 seconds.
[   31.131323] cloud-init[1030]: ci-info: ++++++++++++++++++++++++++++++++++++Net device info+++++++++++++++++++++++++++++++++++++
[   31.144626] cloud-init[1030]: ci-info: +--------+------+--------------------------+---------------+-------+-------------------+
[   31.193128] [cloud-init[0;32m  OK  [0m[1030]: ] ci-info: | Device |  Up  |         Address          |      Mask     | Scope |     Hw-Address    |Started Initial cloud-init job (metadata service crawler).

[   31.193707] cloud-init[1030]: ci-info: +--------+------+--------------------------+---------------+-------+-------------------+[[0;32m  OK  [0m] Reached target System Initialization.
[[0;32m  OK  [0m] Listening on UUID daemon activation socket.
[[0;32m  OK  [0m] Started Trigger resolvconf update for networkd DNS.
         Starting Socket activation for snappy daemon.

[   31.215495] cloud-init[1030]: ci-info: |   lo   | True |        127.0.0.1         |   255.0.0.0   |   .   |         .         |
[[0;32m  OK  [0m] Started Timer to automatically refresh installed snaps.
[[0;32m  OK  [0m] Started Daily apt activities.
[   31.221513] cloud-init[1030]: ci-info: |   lo   | True |         ::1/128          |       .       |  host |         .         |
         Starting LXD - unix socket.
[[0;32m  OK  [0m] Started Daily Cleanup of Temporary Directories.
[[0;32m  OK  [0m] Reached target Timers.[   31.235312] cloud-init[1030]: ci-info: | enp0s3 | True |        10.0.2.15         | 255.255.255.0 |   .   | 02:0a:90:ed:0d:4f |
[   31.240556] cloud-init[1030]: ci-info: | enp0s3 | True | fe80::a:90ff:feed:d4f/64 |       .       |  link | 02:0a:90:ed:0d:4f |
[   31.240631] cloud-init[1030]: ci-info: +--------+------+--------------------------+---------------+-------+-------------------+
[   31.240696] cloud-init[1030]: ci-info: +++++++++++++++++++++++++++Route IPv4 info++++++++++++++++++++++++++++
[   31.240758] cloud-init[1030]: ci-info: +-------+-------------+----------+---------------+-----------+-------+
[   31.240820] cloud-init[1030]: ci-info: | Route | Destination | Gateway  |    Genmask    | Interface | Flags |
[   31.240883] cloud-init[1030]: ci-info: +-------+-------------+----------+---------------+-----------+-------+
[   31.240945] cloud-init[1030]: ci-info: |   0   |   0.0.0.0   | 10.0.2.2 |    0.0.0.0    |   enp0s3  |   UG  |
[   31.241015] cloud-init[1030]: ci-info: |   1   |   10.0.2.0  | 0.0.0.0  | 255.255.255.0 |   enp0s3  |   U   |
[   31.241105] cloud-init[1030]: ci-info: +-------+-------------+----------+---------------+-----------+-------+
[   31.241194] cloud-init[1030]: Generating public/private rsa key pair.
[   31.241259] cloud-init[1030]: Your identification has been saved in /etc/ssh/ssh_host_rsa_key.
[   31.241321] cloud-init[1030]: Your public key has been saved in /etc/ssh/ssh_host_rsa_key.pub.

[   31.246116] cloud-init[1030]: The key fingerprint is:
[   31.346555] cloud-init[1030]: SHA256:btYLzKdeubiSGVoh8iwsGGgJ04yrGZFlmwZmSzi/2uY root@ubuntu-xenial
[[0;32m  OK  [0m[   31.372305] cloud-init[1030]: The key's randomart image is:
[   31.372389] cloud-init[1030]: +---[RSA 2048]----+
[   31.372453] cloud-init[1030]: |oXo              |
[   31.372528] cloud-init[1030]: |%o+o             |
[   31.372591] cloud-init[1030]: |oB=              |
[   31.372651] cloud-init[1030]: |=+o . .          |
[   31.372712] cloud-init[1030]: |+= = . .S        |
[   31.372779] cloud-init[1030]: |= + o o+ . .     |
[   31.372895] cloud-init[1030]: | + . o +B =      |
[   31.372979] cloud-init[1030]: |. o . +o * o     |
[   31.373043] cloud-init[1030]: | oE    o=.o      |
[   31.373130] cloud-init[1030]: +----[SHA256]-----+
[   31.373202] cloud-init[1030]: Generating public/private dsa key pair.
[   31.373266] cloud-init[1030]: Your identification has been saved in /etc/ssh/ssh_host_dsa_key.
[   31.373341] cloud-init[1030]: Your public key has been saved in /etc/ssh/ssh_host_dsa_key.pub.
[   31.373405] cloud-init[1030]: The key fingerprint is:
[   31.373467] cloud-init[1030]: SHA256:PC0/u1ZOr8nLvnNXe+baFaT/EBwTk0YDeKX0L9YbNxg root@ubuntu-xenial
[   31.373531] cloud-init[1030]: The key's randomart image is:
[   31.373591] cloud-init[1030]: +---[DSA 1024]----+
[   31.373654] cloud-init[1030]: |           .o+*. |
[   31.373715] cloud-init[1030]: |          ...oo+ |
[   31.373775] cloud-init[1030]: |           ..E+. |
[   31.373843] cloud-init[1030]: |       . .   .== |
[   31.373905] cloud-init[1030]: |        S .  o=++|
[   31.373965] cloud-init[1030]: |         +  o..oB|
[   31.374027] cloud-init[1030]: |          o+ ..o+|
[   31.374088] cloud-init[1030]: |          .=o.o+*|
[   31.374150] cloud-init[1030]: |         .ooO*.==|
[   31.374212] cloud-init[1030]: +----[SHA256]-----+
[   31.374272] cloud-init[1030]: Generating public/private ecdsa key pair.
[   31.374336] cloud-init[1030]: Your identification has been saved in /etc/ssh/ssh_host_ecdsa_key.
[   31.374397] cloud-init[1030]: Your public key has been saved in /etc/ssh/ssh_host_ecdsa_key.pub.
[   31.374460] cloud-init[1030]: The key fingerprint is:
[   31.374523] cloud-init[1030]: SHA256:+evvjco8cxRNCMl/Ul8f2L6i38IzxX2P1XUoAwQ0KGg root@ubuntu-xenial
[   31.374591] cloud-init[1030]: The key's randomart image is:
[   31.374657] cloud-init[1030]: +---[ECDSA 256]---+
[   31.374719] cloud-init[1030]: |   .   o++oo .o  |
[   31.374779] cloud-init[1030]: |  E . .  .+ ..oo.|
[   31.374843] cloud-init[1030]: | .   .     o +.o+|
[   31.374904] cloud-init[1030]: |         .  * +.=|
[   31.374967] cloud-init[1030]: |        S    *. *|
[   31.375029] cloud-init[1030]: |         .  .. +=|
[   31.375089] cloud-init[1030]: |          ..o ooo|
[   31.375180] cloud-init[1030]: |         ooo.Bo .|
[   31.375310] cloud-init[1030]: |         .*B=.=. |
[   31.375373] cloud-init[1030]: +----[SHA256]-----+
[   31.375443] cloud-init[1030]: Generating public/private ed25519 key pair.
[   31.375506] cloud-init[1030]: Your identification has been saved in /etc/ssh/ssh_host_ed25519_key.
[   31.375571] cloud-init[1030]: Your public key has been saved in /etc/ssh/ssh_host_ed25519_key.pub.
[   31.375633] cloud-init[1030]: The key fingerprint is:
[   31.375693] cloud-init[1030]: SHA256:NmzyyvyNrYHwz7MXQJx05FHSLZqUidpMb++nV8awudY root@ubuntu-xenial
[   31.375758] cloud-init[1030]: The key's randomart image is:
[   31.375820] cloud-init[1030]: +--[ED25519 256]--+
[   31.375929] cloud-init[1030]: |       o.+==..   |
[   31.376059] cloud-init[1030]: |        *o+oo .  |
[   31.376164] cloud-init[1030]: |       * o.o .   |
[   31.376279] cloud-init[1030]: |      ..+ =   .  |
[   31.376393] cloud-init[1030]: |    . . So .   = |
] Started ACPI Events Check.
[[0;32m  OK  [0m] Reached target Paths.
[   31.379198] cloud-init[1030]: |     o * .. . o +|
[   31.900599] cloud-init[1030]: |      o o  o   = |
[   31.910688] cloud-init[1030]: |     o +.=. . = E|
[[0;32m  OK  [0m] Listening on ACPID Listen Socket.
[   32.144931] cloud-init[1030]: |      +.B=o .=   |
[   32.149950] cloud-init[1030]: +----[SHA256]-----+
[[0;32m  OK  [0m] Listening on D-Bus System Message Bus Socket.
[[0;32m  OK  [0m] Reached target Cloud-config availability.
[[0;32m  OK  [0m] Reached target Network is Online.
         Starting iSCSI initiator daemon (iscsid)...
[[0;32m  OK  [0m] Listening on Socket activation for snappy daemon.
[[0;32m  OK  [0m] Listening on LXD - unix socket.
[[0;32m  OK  [0m] Reached target Sockets.
[[0;32m  OK  [0m] Reached target Basic System.
         Starting Apply the settings specified in cloud-config...
[[0;32m  OK  [0m] Started Snappy daemon.
[[0;32m  OK  [0m] Started FUSE filesystem for LXC.
         Starting LSB: MD monitoring daemon...
[[0;32m  OK  [0m] Started ACPI event daemon.
         Starting /etc/rc.local Compatibility...
[[0;32m  OK  [0m] Started Deferred execution scheduler.
         Starting LXD - container startup/shutdown...
         Starting LSB: Record successful boot for GRUB...
[[0;32m  OK  [0m] Started D-Bus System Message Bus.
[   34.072468] cloud-init[1116]: Generating locales (this might take a while)...
         Starting Login Service...
         Starting Accounts Service...
         Starting System Logging Service...
[[0;32m  OK  [0m] Started Regular background program processing daemon.
         Starting Pollinate to seed the pseudo random number generator...
         Starting Auto import assertions from block devices...
[[0;32m  OK  [0m] Started /etc/rc.local Compatibility.
[[0;32m  OK  [0m] Started Auto import assertions from block devices.
[[0;32m  OK  [0m] Started Login Service.
[[0;32m  OK  [0m] Started iSCSI initiator daemon (iscsid).
[[0;32m  OK  [0m] Started LSB: Record successful boot for GRUB.
         Starting Login to default iSCSI targets...
[[0;32m  OK  [0m] Started LSB: MD monitoring daemon.
[[0;32m  OK  [0m] Started System Logging Service.
[[0;32m  OK  [0m] Started Login to default iSCSI targets.
[[0;32m  OK  [0m] Reached target Remote File Systems (Pre).
[[0;32m  OK  [0m] Reached target Remote File Systems.
         Starting LSB: Set the CPU Frequency Scaling governor to "ondemand"...
         Starting LSB: VirtualBox Linux Additions...
         Starting Permit User Sessions...
         Starting LSB: daemon to balance interrupts for SMP systems...
         Starting LSB: automatic crash report generation...
[[0;32m  OK  [0m] Started LSB: Set the CPU Frequency Scaling governor to "ondemand".
[[0;32m  OK  [0m] Started Permit User Sessions.
         Starting Hold until boot process finishes up...
         Starting Terminate Plymouth Boot Screen...
[[0;32m  OK  [0m] Started Hold until boot process finishes up.
[[0;32m  OK  [0m] Started Terminate Plymouth Boot Screen.
[[0;32m  OK  [0m] Started Getty on tty1.
         Starting Set console scheme...
[[0;32m  OK  [0m] Started Serial Getty on ttyS0.
[[0;32m  OK  [0m] Reached target Login Prompts.
[[0;32m  OK  [0m] Started LSB: automatic crash report generation.
[[0;32m  OK  [0m] Started LSB: daemon to balance interrupts for SMP systems.
[[0;32m  OK  [0m] Started Set console scheme.
         Starting Authenticate and Authorize Users to Run Privileged Tasks...
[   38.623469] cloud-init[1116]:   en_US.UTF-8... done
[   38.638313] cloud-init[1116]: Generation complete.
[[0;32m  OK  [0m] Started LSB: VirtualBox Linux Additions.
[[0;32m  OK  [0m] Started Authenticate and Authorize Users to Run Privileged Tasks.
[[0;32m  OK  [0m] Started Accounts Service.
[[0;32m  OK  [0m] Started LXD - container startup/shutdown.
[[0;32m  OK  [0m] Stopped OpenBSD Secure Shell server.
         Starting OpenBSD Secure Shell server...
[[0;32m  OK  [0m] Started OpenBSD Secure Shell server.
[[0;32m  OK  [0m] Created slice User Slice of ubuntu.
         Starting User Manager for UID 1000...
[[0;32m  OK  [0m] Started Session 1 of user ubuntu.
[[0;32m  OK  [0m] Started User Manager for UID 1000.
[[0;32m  OK  [0m] Started Pollinate to seed the pseudo random number generator.
[[0;32m  OK  [0m] Reached target Multi-User System.
[[0;32m  OK  [0m] Reached target Graphical Interface.
         Starting Update UTMP about System Runlevel Changes...
[[0;32m  OK  [0m] Started Update UTMP about System Runlevel Changes.
[   41.487372] cloud-init[1116]: Cloud-init v. 0.7.9 running 'modules:config' at Mon, 20 Mar 2017 23:47:32 +0000. Up 33.07 seconds.
[[0;32m  OK  [0m] Started Apply the settings specified in cloud-config.
         Starting Execute cloud user/final scripts...
ci-info: no authorized ssh keys fingerprints found for user ubuntu.
<14>Mar 20 23:47:42 ec2: 
<14>Mar 20 23:47:42 ec2: #############################################################
<14>Mar 20 23:47:42 ec2: -----BEGIN SSH HOST KEY FINGERPRINTS-----
<14>Mar 20 23:47:42 ec2: 1024 SHA256:PC0/u1ZOr8nLvnNXe+baFaT/EBwTk0YDeKX0L9YbNxg root@ubuntu-xenial (DSA)
<14>Mar 20 23:47:42 ec2: 256 SHA256:+evvjco8cxRNCMl/Ul8f2L6i38IzxX2P1XUoAwQ0KGg root@ubuntu-xenial (ECDSA)
<14>Mar 20 23:47:42 ec2: 256 SHA256:NmzyyvyNrYHwz7MXQJx05FHSLZqUidpMb++nV8awudY root@ubuntu-xenial (ED25519)
<14>Mar 20 23:47:42 ec2: 2048 SHA256:btYLzKdeubiSGVoh8iwsGGgJ04yrGZFlmwZmSzi/2uY root@ubuntu-xenial (RSA)
<14>Mar 20 23:47:42 ec2: -----END SSH HOST KEY FINGERPRINTS-----
<14>Mar 20 23:47:42 ec2: #############################################################
-----BEGIN SSH HOST KEY KEYS-----
ecdsa-sha2-nistp256 AAAAE2VjZHNhLXNoYTItbmlzdHAyNTYAAAAIbmlzdHAyNTYAAABBBFf5ko0qcESu832tz8fJxlWg3oua6EgWVVIJRHDcvrNpL8TuVRGU/Ssz5kwb+tZmfru7E2x93xyLS4CAxSAVizE= root@ubuntu-xenial
ssh-ed25519 AAAAC3NzaC1lZDI1NTE5AAAAIFbBMlSRHWWPgPwofHTln5XnfA7HQnxwIzb+gnPrXg3y root@ubuntu-xenial
ssh-rsa AAAAB3NzaC1yc2EAAAADAQABAAABAQDICx4ehL2dIWWGcQo6WEa+1qhJcZp29mezAluLcboMtxoYew3kUgedPX/KflMyPiJsUheVyVvf9BvHD60fRWAj5v0052MyBFRYsO3o/EBaVFk/w3vCxZgbaUrogWEOjGBZzXBkEdq12VN1Jk3t4H9X3PI72EorF6adqIDB8xpPb1b7nQc+1XFHlWE0RARUOVWZ4e0Gf4c8b1BqMSfjPMmNCC2tBSQC6Zug19eugc4Co2AGUpM7EgTEmF7I64O3nxBJU7CLUb8fNjqm9n4EtdOzhKAfinji3+AwjtKS0xbOficAHySH7kYsWmf8g1424Ea11KHHniS0jw7/rSpPv1Cr root@ubuntu-xenial
-----END SSH HOST KEY KEYS-----
[   42.836636] cloud-init[1461]: Cloud-init v. 0.7.9 running 'modules:final' at Mon, 20 Mar 2017 23:47:41 +0000. Up 42.14 seconds.
[   42.836980] cloud-init[1461]: ci-info: no authorized ssh keys fingerprints found for user ubuntu.
[   42.837159] cloud-init[1461]: Cloud-init v. 0.7.9 finished at Mon, 20 Mar 2017 23:47:42 +0000. Datasource DataSourceNoCloud [seed=/dev/sdb][dsmode=net].  Up 42.81 seconds

Ubuntu 16.04.2 LTS ubuntu-xenial ttyS0

ubuntu-xenial login: 